---
source: src/lib.rs
expression: lint_output
---
backend/main.mo:1:0 Error: Do not use the Result pattern. Use Runtime.trap() instead.
Found in:
1 import Result "mo:base/Result";

backend/main.mo:3:0 Error: Do not use data structures from pure/*. Use imperative structures instead.
Found in:
3 import PureList "mo:core/pure/List";

backend/main.mo:5:7 Error: Do not use `shared(msg)`. Use `shared({ caller })` instead.
Found in:
5 shared (msg) actor class() {

backend/main.mo:7:4 Error: Do not use let-else. Use a switch instead.
Found in:
7     let ?x = null else { return };

backend/main.mo:10:2 Error: Do not use the `flexible` keyword. Use `transient` instead.
Found in:
10   flexible let flexibleLet = 42;

backend/main.mo:11:2 Error: Do not use the `stable` keyword. It's implicit when using persistent actors.
Found in:
11   stable let stableLet = 42;

backend/main.mo:15:15 Error: Do not use `shared(msg)`. Use `shared({ caller })` instead.
Found in:
15   public shared(msg) func sharedCaller() {};

backend/main.mo:16:16 Error: Do not use `shared(msg)`. Use `shared({ caller })` instead.
Found in:
16   public shared msg func sharedCallerVar() {};

backend/main.mo:21:2 Error: Only use `transient` for OrderedMap.Make, OrderedSet.Make, and Random.Finite
Found in:
21   transient let transientMap = OrderedMap.Make.Well<Nat>(Nat.compare);

backend/main.mo:23:2 Error: Use `x += 1` instead of reassigning the variable.
Found in:
23   x := 1 + x;

backend/main.mo:24:2 Error: Use `x += 2` instead of reassigning the variable.
Found in:
24   x := x + 2;

backend/main.mo:26:2 Error: Use `x -= 1` instead of reassigning the variable
Found in:
26   x := x - 1;

backend/main.mo:29:2 Error: Use `x *= 1` instead of reassigning the variable.
Found in:
29   x := x * 1;

backend/main.mo:30:2 Error: Use `x *= 1` instead of reassigning the variable.
Found in:
30   x := 1 * x;

backend/main.mo:32:2 Error: Use `x /= 1` instead of reassigning the variable
Found in:
32   x := x / 1;

backend/main.mo:35:2 Error: Use `x #= "1"` instead of reassigning the variable
Found in:
35   x := x # "1";

backend/main.mo:38:12 Warning: Use field punning to to avoid repetition: Replace `{ field = field }` with `{ field }`
Found in:
38   let _ = { field = field };

backend/main.mo:48:10 Error: Don't switch on boolean values, use if instead
Found in:
48   let _ = switch _ {
49     case (false) {};
50     case (true) {};
51   };

backend/main.mo:52:10 Error: Don't switch on boolean values, use if instead
Found in:
52   let _ = switch _ {
53     case true {};
54     case false {};
55   };

backend/main.mo:62:46 Error: Only return primitive types from publicly exposed endpoints
Found in:
62   public func listReturningFunction() : async List<Text> {

backend/main.mo:65:45 Error: Only return primitive types from publicly exposed endpoints
Found in:
65   public func setReturningFunction() : async Set.Set<Text> {

backend/main.mo:68:45 Error: Only return primitive types from publicly exposed endpoints
Found in:
68   public func mapReturningFunction() : async Map.Map<Text, Nat> {

backend/main.mo:81:4 Warning: unneeded return statement. You can remove the `return`
Found in:
81     return 10

backend/main.mo:83:26 Warning: unneeded return statement. You can remove the `return`
Found in:
83   func unneededReturn() = return 10;

backend/main.mo:87:6 Warning: unneeded return statement. You can remove the `return`
Found in:
87       return 4;

backend/main.mo:94:14 Warning: unneeded return statement. You can remove the `return`
Found in:
94     if (true) return 4

backend/main.mo:103:13 Warning: unneeded return statement. You can remove the `return`
Found in:
103       case 1 return 40;

backend/main.mo:104:15 Warning: unneeded return statement. You can remove the `return`
Found in:
104       case 2 { return 40; };

backend/main.mo:108:7 Error: Types should be capitalized and use CamelCase.
Found in:
108   type lowerCase = Nat;

backend/main.mo:109:7 Error: Types should be capitalized and use CamelCase.
Found in:
109   type Snake_case = Nat;

backend/main.mo:110:17 Error: Types should be capitalized and use CamelCase.
Found in:
110   type CamelCase<lowerCase, Snake_case> = Nat;

backend/main.mo:110:28 Error: Types should be capitalized and use CamelCase.
Found in:
110   type CamelCase<lowerCase, Snake_case> = Nat;

backend/main.mo:113:7 Error: Functions should start lower case and use camelCase.
Found in:
113   func UpperCase() {};

backend/main.mo:114:7 Error: Functions should start lower case and use camelCase.
Found in:
114   func snake_case() {};

backend/main.mo:116:8 Error: Types should be capitalized and use CamelCase.
Found in:
116   class lowerCase() {};

backend/main.mo:117:8 Error: Types should be capitalized and use CamelCase.
Found in:
117   class Snake_Cased_ish() {};

backend/main.mo:118:18 Error: Types should be capitalized and use CamelCase.
Found in:
118   class CamelCase<lowerCase, Snake_case>() {};

backend/main.mo:118:29 Error: Types should be capitalized and use CamelCase.
Found in:
118   class CamelCase<lowerCase, Snake_case>() {};

backend/main.mo:130:28 Error: Nesting depth exceeded maximum allowed depth of 9
Found in:
130                   if (true) {
131                     0
132                   };
