---
source: src/lib.rs
expression: lint_output
---
  × [ERROR]: no-result
   ╭─[backend/main.mo:1:1]
 1 │ import Result "mo:base/Result";
   · ───────────────┬──────────────
   ·                ╰── Do not use the Result pattern. Use Runtime.trap() instead.
 2 │ import OrderedMap "mo:base/OrderedMap";
   ╰────

  × [ERROR]: no-pure-data-structures
   ╭─[backend/main.mo:3:1]
 2 │ import OrderedMap "mo:base/OrderedMap";
 3 │ import PureList "mo:core/pure/List";
   · ─────────────────┬─────────────────
   ·                  ╰── Do not use data structures from pure/*. Use imperative structures instead.
 4 │ 
   ╰────

  × [ERROR]: shared-caller
   ╭─[backend/main.mo:5:8]
 4 │ 
 5 │ shared (msg) actor class() {
   ·        ──┬──
   ·          ╰── Do not use `shared(msg)`. Use `shared({ caller })` instead.
 6 │   func letElse() {
   ╰────

  × [ERROR]: no-let-else
   ╭─[backend/main.mo:7:5]
 6 │   func letElse() {
 7 │     let ?x = null else { return };
   ·     ──────────────┬──────────────
   ·                   ╰── Do not use let-else. Use a switch instead.
 8 │   };
   ╰────

  × [ERROR]: no-flexible
    ╭─[backend/main.mo:10:3]
  9 │ 
 10 │   flexible let flexibleLet = 42;
    ·   ────┬───
    ·       ╰── Do not use the `flexible` keyword. Use `transient` instead.
 11 │   stable let stableLet = 42;
    ╰────

  × [ERROR]: no-stable
    ╭─[backend/main.mo:11:3]
 10 │   flexible let flexibleLet = 42;
 11 │   stable let stableLet = 42;
    ·   ───┬──
    ·      ╰── Do not use the `stable` keyword. It's implicit when using persistent actors.
 12 │ 
    ╰────

  × [ERROR]: shared-caller
    ╭─[backend/main.mo:15:16]
 14 │ 
 15 │   public shared(msg) func sharedCaller() {};
    ·                ──┬──
    ·                  ╰── Do not use `shared(msg)`. Use `shared({ caller })` instead.
 16 │   public shared msg func sharedCallerVar() {};
    ╰────

  × [ERROR]: shared-caller
    ╭─[backend/main.mo:16:17]
 15 │   public shared(msg) func sharedCaller() {};
 16 │   public shared msg func sharedCallerVar() {};
    ·                 ─┬─
    ·                  ╰── Do not use `shared(msg)`. Use `shared({ caller })` instead.
 17 │   public shared ({ caller }) func sharedCallerPat() {};
    ╰────

  × [ERROR]: transient-usage
    ╭─[backend/main.mo:21:3]
 20 │   transient let transientMap = OrderedMap.Make<Nat>(Nat.compare);
 21 │   transient let transientMap = OrderedMap.Make.Well<Nat>(Nat.compare);
    ·   ─────────────────────────────────┬─────────────────────────────────
    ·                                    ╰── Only use `transient` for OrderedMap.Make, OrderedSet.Make, and Random.Finite
 22 │ 
    ╰────

  × [ERROR]: assign-plus
    ╭─[backend/main.mo:23:3]
 22 │ 
 23 │   x := 1 + x;
    ·   ─────┬────
    ·        ╰── Use `x += 1` instead of reassigning the variable.
 24 │   x := x + 2;
    ╰────

  × [ERROR]: assign-plus
    ╭─[backend/main.mo:24:3]
 23 │   x := 1 + x;
 24 │   x := x + 2;
    ·   ─────┬────
    ·        ╰── Use `x += 2` instead of reassigning the variable.
 25 │ 
    ╰────

  × [ERROR]: assign-minus
    ╭─[backend/main.mo:26:3]
 25 │ 
 26 │   x := x - 1;
    ·   ─────┬────
    ·        ╰── Use `x -= 1` instead of reassigning the variable
 27 │   x := 1 - x;
    ╰────

  × [ERROR]: assign-multiply
    ╭─[backend/main.mo:29:3]
 28 │ 
 29 │   x := x * 1;
    ·   ─────┬────
    ·        ╰── Use `x *= 1` instead of reassigning the variable.
 30 │   x := 1 * x;
    ╰────

  × [ERROR]: assign-multiply
    ╭─[backend/main.mo:30:3]
 29 │   x := x * 1;
 30 │   x := 1 * x;
    ·   ─────┬────
    ·        ╰── Use `x *= 1` instead of reassigning the variable.
 31 │ 
    ╰────

  × [ERROR]: assign-divide
    ╭─[backend/main.mo:32:3]
 31 │ 
 32 │   x := x / 1;
    ·   ─────┬────
    ·        ╰── Use `x /= 1` instead of reassigning the variable
 33 │   x := 1 / x;
    ╰────

  × [ERROR]: assign-concat
    ╭─[backend/main.mo:35:3]
 34 │ 
 35 │   x := x # "1";
    ·   ──────┬─────
    ·         ╰── Use `x #= "1"` instead of reassigning the variable
 36 │   x := "1" # x;
    ╰────

  ⚠ [WARNING]: pun-fields
    ╭─[backend/main.mo:38:13]
 37 │ 
 38 │   let _ = { field = field };
    ·             ──────┬──────
    ·                   ╰── Use field punning to to avoid repetition: Replace `{ field = field }` with `{ field }`
 39 │   let _ = { var dontPun = dontPun };
    ╰────

  ⚠ [WARNING]: func-field-sugar
    ╭─[backend/main.mo:51:5]
 50 │   let _ = {
 51 │     encode = func(x : Nat) : Nat = x * 2;        // plain expr  → func-field-sugar
    ·     ──────────────────┬─────────────────
    ·                       ╰── Prefer func-field sugar: `encode = func(...) = e` → `func encode(...) = e`
 52 │     reduce = func(n : Nat) : Nat { n + n };      // block body  → func-field-sugar-block
    ╰────

  ⚠ [WARNING]: func-field-sugar-block
    ╭─[backend/main.mo:52:5]
 51 │     encode = func(x : Nat) : Nat = x * 2;        // plain expr  → func-field-sugar
 52 │     reduce = func(n : Nat) : Nat { n + n };      // block body  → func-field-sugar-block
    ·     ───────────────────┬──────────────────
    ·                        ╰── Prefer func-field sugar: `reduce = func(...) { .. }` → `func reduce(...) { .. }`
 53 │     ident = func<T>(x : T) : T = x;              // generic     → func-field-sugar-generic
    ╰────

  ⚠ [WARNING]: func-field-sugar-generic
    ╭─[backend/main.mo:53:5]
 52 │     reduce = func(n : Nat) : Nat { n + n };      // block body  → func-field-sugar-block
 53 │     ident = func<T>(x : T) : T = x;              // generic     → func-field-sugar-generic
    ·     ───────────────┬──────────────
    ·                    ╰── Prefer func-field sugar: `ident = func<..>(...) = e` → `func ident<..>(...) = e`
 54 │     fetch = func() : async* Nat = async* { 0 };  // async*      → func-field-sugar (transparent)
    ╰────

  ⚠ [WARNING]: func-field-sugar
    ╭─[backend/main.mo:54:5]
 53 │     ident = func<T>(x : T) : T = x;              // generic     → func-field-sugar-generic
 54 │     fetch = func() : async* Nat = async* { 0 };  // async*      → func-field-sugar (transparent)
    ·     ─────────────────────┬────────────────────
    ·                          ╰── Prefer func-field sugar: `fetch = func(...) = e` → `func fetch(...) = e`
 55 │   };
    ╰────

  × [ERROR]: no-bool-switch
    ╭─[backend/main.mo:56:11]
 55 │       };
 56 │ ╭─▶   let _ = switch _ {
 57 │ │       case (false) {};
 58 │ │       case (true) {};
 59 │ ├─▶   };
    · ╰──── Don't switch on boolean values, use if instead
 60 │       let _ = switch _ {
    ╰────

  × [ERROR]: no-bool-switch
    ╭─[backend/main.mo:60:11]
 59 │       };
 60 │ ╭─▶   let _ = switch _ {
 61 │ │       case true {};
 62 │ │       case false {};
 63 │ ├─▶   };
    · ╰──── Don't switch on boolean values, use if instead
 64 │     
    ╰────

  × [ERROR]: only-return-primitives
    ╭─[backend/main.mo:70:47]
 69 │ 
 70 │   public func listReturningFunction() : async List<Text> {
    ·                                               ─────┬────
    ·                                                    ╰── Only return primitive types from publicly exposed endpoints
 71 │     null
    ╰────

  × [ERROR]: only-return-primitives
    ╭─[backend/main.mo:73:46]
 72 │   };
 73 │   public func setReturningFunction() : async Set.Set<Text> {
    ·                                              ──────┬──────
    ·                                                    ╰── Only return primitive types from publicly exposed endpoints
 74 │     null
    ╰────

  × [ERROR]: only-return-primitives
    ╭─[backend/main.mo:76:46]
 75 │   };
 76 │   public func mapReturningFunction() : async Map.Map<Text, Nat> {
    ·                                              ─────────┬────────
    ·                                                       ╰── Only return primitive types from publicly exposed endpoints
 77 │     null
    ╰────

  ⚠ [WARNING]: unneeded-return
    ╭─[backend/main.mo:89:5]
 88 │   func unneededReturn() {
 89 │     return 10
    ·     ────┬────
    ·         ╰── unneeded return statement. You can remove the `return`
 90 │   };
    ╰────

  ⚠ [WARNING]: unneeded-return
    ╭─[backend/main.mo:91:27]
 90 │   };
 91 │   func unneededReturn() = return 10;
    ·                           ────┬────
    ·                               ╰── unneeded return statement. You can remove the `return`
 92 │ 
    ╰────

  ⚠ [WARNING]: unneeded-return
    ╭─[backend/main.mo:95:7]
 94 │     if (true) {
 95 │       return 4;
    ·       ────┬───
    ·           ╰── unneeded return statement. You can remove the `return`
 96 │     } else {
    ╰────

  ⚠ [WARNING]: unneeded-return
     ╭─[backend/main.mo:102:15]
 101 │   func unneededReturn() {
 102 │     if (true) return 4
     ·               ────┬───
     ·                   ╰── unneeded return statement. You can remove the `return`
 103 │     else {
     ╰────

  ⚠ [WARNING]: unneeded-return
     ╭─[backend/main.mo:111:14]
 110 │     switch (true) {
 111 │       case 1 return 40;
     ·              ────┬────
     ·                  ╰── unneeded return statement. You can remove the `return`
 112 │       case 2 { return 40; };
     ╰────

  ⚠ [WARNING]: unneeded-return
     ╭─[backend/main.mo:112:16]
 111 │       case 1 return 40;
 112 │       case 2 { return 40; };
     ·                ────┬────
     ·                    ╰── unneeded return statement. You can remove the `return`
 113 │     };
     ╰────

  × [ERROR]: case-types
     ╭─[backend/main.mo:116:8]
 115 │ 
 116 │   type lowerCase = Nat;
     ·        ────┬────
     ·            ╰── Types should be capitalized and use CamelCase.
 117 │   type Snake_case = Nat;
     ╰────

  × [ERROR]: case-types
     ╭─[backend/main.mo:117:8]
 116 │   type lowerCase = Nat;
 117 │   type Snake_case = Nat;
     ·        ─────┬────
     ·             ╰── Types should be capitalized and use CamelCase.
 118 │   type CamelCase<lowerCase, Snake_case> = Nat;
     ╰────

  × [ERROR]: case-types
     ╭─[backend/main.mo:118:18]
 117 │   type Snake_case = Nat;
 118 │   type CamelCase<lowerCase, Snake_case> = Nat;
     ·                  ────┬────
     ·                      ╰── Types should be capitalized and use CamelCase.
 119 │   type CamelCase = Nat;
     ╰────

  × [ERROR]: case-types
     ╭─[backend/main.mo:118:29]
 117 │   type Snake_case = Nat;
 118 │   type CamelCase<lowerCase, Snake_case> = Nat;
     ·                             ─────┬────
     ·                                  ╰── Types should be capitalized and use CamelCase.
 119 │   type CamelCase = Nat;
     ╰────

  × [ERROR]: case-functions
     ╭─[backend/main.mo:121:8]
 120 │ 
 121 │   func UpperCase() {};
     ·        ────┬────
     ·            ╰── Functions should start lower case and use camelCase.
 122 │   func snake_case() {};
     ╰────

  × [ERROR]: case-functions
     ╭─[backend/main.mo:122:8]
 121 │   func UpperCase() {};
 122 │   func snake_case() {};
     ·        ─────┬────
     ·             ╰── Functions should start lower case and use camelCase.
 123 │   func _hiddenIsFine() {};
     ╰────

  × [ERROR]: case-types
     ╭─[backend/main.mo:124:9]
 123 │   func _hiddenIsFine() {};
 124 │   class lowerCase() {};
     ·         ────┬────
     ·             ╰── Types should be capitalized and use CamelCase.
 125 │   class Snake_Cased_ish() {};
     ╰────

  × [ERROR]: case-types
     ╭─[backend/main.mo:125:9]
 124 │   class lowerCase() {};
 125 │   class Snake_Cased_ish() {};
     ·         ───────┬───────
     ·                ╰── Types should be capitalized and use CamelCase.
 126 │   class CamelCase<lowerCase, Snake_case>() {};
     ╰────

  × [ERROR]: case-types
     ╭─[backend/main.mo:126:19]
 125 │   class Snake_Cased_ish() {};
 126 │   class CamelCase<lowerCase, Snake_case>() {};
     ·                   ────┬────
     ·                       ╰── Types should be capitalized and use CamelCase.
 127 │   class CamelCase<Camel, Case>() {};
     ╰────

  × [ERROR]: case-types
     ╭─[backend/main.mo:126:30]
 125 │   class Snake_Cased_ish() {};
 126 │   class CamelCase<lowerCase, Snake_case>() {};
     ·                              ─────┬────
     ·                                   ╰── Types should be capitalized and use CamelCase.
 127 │   class CamelCase<Camel, Case>() {};
     ╰────

  × [ERROR]: nesting-limit
     ╭─[backend/main.mo:138:29]
 137 │                     if (true) {
 138 │ ╭─▶                   if (true) {
 139 │ │                       0
 140 │ ├─▶                   };
     · ╰──── Nesting depth exceeded maximum allowed depth of 9
 141 │                     };
     ╰────
